[    0.000000] Initializing cgroup subsys cpuset
[    0.000000] Initializing cgroup subsys cpu
[    0.000000] Initializing cgroup subsys cpuacct
[    0.000000] Linux version 4.4.0-210-generic (buildd@lgw01-amd64-009) (gcc version 5.4.0 20160609 (Ubuntu 5.4.0-6ubuntu1~16.04.12) ) #242-Ubuntu SMP Fri Apr 16 09:57:56 UTC 2021 (Ubuntu 4.4.0-210.242-generic 4.4.262)
[    0.000000] Command line: BOOT_IMAGE=/boot/vmlinuz-4.4.0-210-generic root=LABEL=cloudimg-rootfs ro console=tty1 console=ttyS0
[    0.000000] KERNEL supported cpus:
[    0.000000]   Intel GenuineIntel
[    0.000000]   AMD AuthenticAMD
[    0.000000]   Centaur CentaurHauls
[    0.000000] x86/fpu: xstate_offset[2]:  576, xstate_sizes[2]:  256
[    0.000000] x86/fpu: Supporting XSAVE feature 0x01: 'x87 floating point registers'
[    0.000000] x86/fpu: Supporting XSAVE feature 0x02: 'SSE registers'
[    0.000000] x86/fpu: Supporting XSAVE feature 0x04: 'AVX registers'
[    0.000000] x86/fpu: Enabled xstate features 0x7, context size is 832 bytes, using 'standard' format.
[    0.000000] e820: BIOS-provided physical RAM map:
[    0.000000] BIOS-e820: [mem 0x0000000000000000-0x000000000009fbff] usable
[    0.000000] BIOS-e820: [mem 0x000000000009fc00-0x000000000009ffff] reserved
[    0.000000] BIOS-e820: [mem 0x00000000000f0000-0x00000000000fffff] reserved
[    0.000000] BIOS-e820: [mem 0x0000000000100000-0x000000003ffeffff] usable
[    0.000000] BIOS-e820: [mem 0x000000003fff0000-0x000000003fffffff] ACPI data
[    0.000000] BIOS-e820: [mem 0x00000000fec00000-0x00000000fec00fff] reserved
[    0.000000] BIOS-e820: [mem 0x00000000fee00000-0x00000000fee00fff] reserved
[    0.000000] BIOS-e820: [mem 0x00000000fffc0000-0x00000000ffffffff] reserved
[    0.000000] NX (Execute Disable) protection: active
[    0.000000] SMBIOS 2.5 present.
[    0.000000] Hypervisor detected: KVM
[    0.000000] e820: last_pfn = 0x3fff0 max_arch_pfn = 0x400000000
[    0.000000] MTRR: Disabled
[    0.000000] x86/PAT: MTRRs disabled, skipping PAT initialization too.
[    0.000000] CPU MTRRs all blank - virtualized system.
[    0.000000] x86/PAT: Configuration [0-7]: WB  WT  UC- UC  WB  WT  UC- UC  
[    0.000000] found SMP MP-table at [mem 0x0009fff0-0x0009ffff] mapped at [ffff88000009fff0]
[    0.000000] Scanning 1 areas for low memory corruption
[    0.000000] RAMDISK: [mem 0x362dc000-0x37165fff]
[    0.000000] ACPI: Early table checksum verification disabled
[    0.000000] ACPI: RSDP 0x00000000000E0000 000024 (v02 VBOX  )
[    0.000000] ACPI: XSDT 0x000000003FFF0030 00003C (v01 VBOX   VBOXXSDT 00000001 ASL  00000061)
[    0.000000] ACPI: FACP 0x000000003FFF00F0 0000F4 (v04 VBOX   VBOXFACP 00000001 ASL  00000061)
[    0.000000] ACPI: DSDT 0x000000003FFF0470 002325 (v02 VBOX   VBOXBIOS 00000002 INTL 20120111)
[    0.000000] ACPI: FACS 0x000000003FFF0200 000040
[    0.000000] ACPI: FACS 0x000000003FFF0200 000040
[    0.000000] ACPI: APIC 0x000000003FFF0240 00005C (v02 VBOX   VBOXAPIC 00000001 ASL  00000061)
[    0.000000] ACPI: SSDT 0x000000003FFF02A0 0001CC (v01 VBOX   VBOXCPUT 00000002 INTL 20120111)
[    0.000000] No NUMA configuration found
[    0.000000] Faking a node at [mem 0x0000000000000000-0x000000003ffeffff]
[    0.000000] NODE_DATA(0) allocated [mem 0x3ffeb000-0x3ffeffff]
[    0.000000] kvm-clock: Using msrs 4b564d01 and 4b564d00
[    0.000000] kvm-clock: cpu 0, msr 0:3ffe3001, primary cpu clock
[    0.000000] kvm-clock: using sched offset of 4291911144 cycles
[    0.000000] clocksource: kvm-clock: mask: 0xffffffffffffffff max_cycles: 0x1cd42e4dffb, max_idle_ns: 881590591483 ns
[    0.000000] Zone ranges:
[    0.000000]   DMA      [mem 0x0000000000001000-0x0000000000ffffff]
[    0.000000]   DMA32    [mem 0x0000000001000000-0x000000003ffeffff]
[    0.000000]   Normal   empty
[    0.000000]   Device   empty
[    0.000000] Movable zone start for each node
[    0.000000] Early memory node ranges
[    0.000000]   node   0: [mem 0x0000000000001000-0x000000000009efff]
[    0.000000]   node   0: [mem 0x0000000000100000-0x000000003ffeffff]
[    0.000000] Initmem setup node 0 [mem 0x0000000000001000-0x000000003ffeffff]
[    0.000000] ACPI: PM-Timer IO Port: 0x4008
[    0.000000] IOAPIC[0]: apic_id 2, version 32, address 0xfec00000, GSI 0-23
[    0.000000] ACPI: INT_SRC_OVR (bus 0 bus_irq 0 global_irq 2 dfl dfl)
[    0.000000] ACPI: INT_SRC_OVR (bus 0 bus_irq 9 global_irq 9 low level)
[    0.000000] Using ACPI (MADT) for SMP configuration information
[    0.000000] smpboot: Allowing 2 CPUs, 0 hotplug CPUs
[    0.000000] PM: Registered nosave memory: [mem 0x00000000-0x00000fff]
[    0.000000] PM: Registered nosave memory: [mem 0x0009f000-0x0009ffff]
[    0.000000] PM: Registered nosave memory: [mem 0x000a0000-0x000effff]
[    0.000000] PM: Registered nosave memory: [mem 0x000f0000-0x000fffff]
[    0.000000] e820: [mem 0x40000000-0xfebfffff] available for PCI devices
[    0.000000] Booting paravirtualized kernel on KVM
[    0.000000] clocksource: refined-jiffies: mask: 0xffffffff max_cycles: 0xffffffff, max_idle_ns: 7645519600211568 ns
[    0.000000] setup_percpu: NR_CPUS:512 nr_cpumask_bits:512 nr_cpu_ids:2 nr_node_ids:1
[    0.000000] PERCPU: Embedded 33 pages/cpu @ffff88003fc00000 s95192 r8192 d31784 u1048576
[    0.000000] Built 1 zonelists in Node order, mobility grouping on.  Total pages: 257912
[    0.000000] Policy zone: DMA32
[    0.000000] Kernel command line: BOOT_IMAGE=/boot/vmlinuz-4.4.0-210-generic root=LABEL=cloudimg-rootfs ro console=tty1 console=ttyS0
[    0.000000] PID hash table entries: 4096 (order: 3, 32768 bytes)
[    0.000000] Memory: 997792K/1048120K available (8644K kernel code, 1332K rwdata, 4044K rodata, 1492K init, 1164K bss, 50328K reserved, 0K cma-reserved)
[    0.000000] SLUB: HWalign=64, Order=0-3, MinObjects=0, CPUs=2, Nodes=1
[    0.000000] Kernel/User page tables isolation: enabled
[    0.000000] Hierarchical RCU implementation.
[    0.000000] 	Build-time adjustment of leaf fanout to 64.
[    0.000000] 	RCU restricting CPUs from NR_CPUS=512 to nr_cpu_ids=2.
[    0.000000] RCU: Adjusting geometry for rcu_fanout_leaf=64, nr_cpu_ids=2
[    0.000000] NR_IRQS:33024 nr_irqs:440 16
[    0.000000] Console: colour VGA+ 80x25
[    0.000000] console [tty1] enabled
[    0.000000] console [ttyS0] enabled
[    0.000000] tsc: Detected 1113.599 MHz processor
[    0.210623] Calibrating delay loop (skipped) preset value.. 2227.19 BogoMIPS (lpj=4454396)
[    0.213433] pid_max: default: 32768 minimum: 301
[    0.214657] ACPI: Core revision 20150930
[    0.217491] ACPI: 2 ACPI AML tables successfully acquired and loaded
[    0.219316] Security Framework initialized
[    0.220700] Yama: becoming mindful.
[    0.222365] AppArmor: AppArmor initialized
[    0.223677] Dentry cache hash table entries: 131072 (order: 8, 1048576 bytes)
[    0.227113] Inode-cache hash table entries: 65536 (order: 7, 524288 bytes)
[    0.229541] Mount-cache hash table entries: 2048 (order: 2, 16384 bytes)
[    0.231355] Mountpoint-cache hash table entries: 2048 (order: 2, 16384 bytes)
[    0.233745] Initializing cgroup subsys io
[    0.234813] Initializing cgroup subsys memory
[    0.236076] Initializing cgroup subsys devices
[    0.237769] Initializing cgroup subsys freezer
[    0.239463] Initializing cgroup subsys net_cls
[    0.240683] Initializing cgroup subsys perf_event
[    0.242263] Initializing cgroup subsys net_prio
[    0.243516] Initializing cgroup subsys hugetlb
[    0.245070] Initializing cgroup subsys pids
[    0.250860] mce: CPU supports 0 MCE banks
[    0.252494] Last level iTLB entries: 4KB 0, 2MB 0, 4MB 0
[    0.254217] Last level dTLB entries: 4KB 0, 2MB 0, 4MB 0, 1GB 0
[    0.255935] Spectre V1 : Mitigation: usercopy/swapgs barriers and __user pointer sanitization
[    0.259045] Spectre V2 : Mitigation: Full generic retpoline
[    0.260447] Spectre V2 : Spectre v2 / SpectreRSB mitigation: Filling RSB on context switch
[    0.263275] Speculative Store Bypass: Vulnerable
[    0.264666] MDS: Mitigation: Clear CPU buffers
[    0.269341] Freeing SMP alternatives memory: 36K
[    0.280304] ftrace: allocating 32380 entries in 127 pages
[    0.360877] smpboot: APIC(0) Converting physical 0 to logical package 0
[    0.364221] smpboot: Max logical packages: 1
[    0.365619] x2apic enabled
[    0.367248] Switched APIC routing to physical x2apic.
[    0.369720] ..TIMER: vector=0x30 apic1=0 pin1=2 apic2=-1 pin2=-1
[    0.480749] smpboot: CPU0: Intel(R) Core(TM) i3-1000NG4 CPU @ 1.10GHz (family: 0x6, model: 0x7e, stepping: 0x5)
[    0.487458] Performance Events: unsupported p6 CPU model 126 no PMU driver, software events only.
[    0.516283] KVM setup paravirtual spinlock
[    0.519490] x86: Booting SMP configuration:
[    0.520915] .... node  #0, CPUs:      #1
[    0.522616] kvm-clock: cpu 1, msr 0:3ffe3041, secondary cpu clock
[    0.534808] mce: CPU supports 0 MCE banks
[    0.540107] x86: Booted up 1 node, 2 CPUs
[    0.542388] smpboot: Total of 2 processors activated (4454.39 BogoMIPS)
[    0.545554] devtmpfs: initialized
[    0.549336] evm: security.selinux
[    0.550752] evm: security.SMACK64
[    0.552367] evm: security.SMACK64EXEC
[    0.554519] evm: security.SMACK64TRANSMUTE
[    0.555875] evm: security.SMACK64MMAP
[    0.557199] evm: security.ima
[    0.558939] evm: security.capability
[    0.560410] clocksource: jiffies: mask: 0xffffffff max_cycles: 0xffffffff, max_idle_ns: 7645041785100000 ns
[    0.563574] futex hash table entries: 512 (order: 3, 32768 bytes)
[    0.566163] pinctrl core: initialized pinctrl subsystem
[    0.568318] RTC time: 15:02:58, date: 10/18/22
[    0.571173] NET: Registered protocol family 16
[    0.585730] cpuidle: using governor ladder
[    0.597639] cpuidle: using governor menu
[    0.600359] PCCT header not found.
[    0.602181] ACPI: bus type PCI registered
[    0.603551] acpiphp: ACPI Hot Plug PCI Controller Driver version: 0.5
[    0.605943] PCI: Using configuration type 1 for base access
[    0.617742] ACPI: Added _OSI(Module Device)
[    0.619219] ACPI: Added _OSI(Processor Device)
[    0.620992] ACPI: Added _OSI(3.0 _SCP Extensions)
[    0.623056] ACPI: Added _OSI(Processor Aggregator Device)
[    0.625927] ACPI: Executed 1 blocks of module-level executable AML code
[    0.630867] ACPI: Interpreter enabled
[    0.632212] ACPI: (supports S0 S5)
[    0.633420] ACPI: Using IOAPIC for interrupt routing
[    0.635552] PCI: Using host bridge windows from ACPI; if necessary, use "pci=nocrs" and report a bug
[    0.642911] ACPI: PCI Root Bridge [PCI0] (domain 0000 [bus 00-ff])
[    0.644557] acpi PNP0A03:00: _OSC: OS supports [ASPM ClockPM Segments MSI]
[    0.646819] acpi PNP0A03:00: _OSC: not requesting OS control; OS requires [ExtendedConfig ASPM ClockPM MSI]
[    0.649083] acpi PNP0A03:00: fail to add MMCONFIG information, can't access extended PCI configuration space under this bridge.
[    0.653386] PCI host bridge to bus 0000:00
[    0.654810] pci_bus 0000:00: root bus resource [io  0x0000-0x0cf7 window]
[    0.657755] pci_bus 0000:00: root bus resource [io  0x0d00-0xffff window]
[    0.659980] pci_bus 0000:00: root bus resource [mem 0x000a0000-0x000bffff window]
[    0.663247] pci_bus 0000:00: root bus resource [mem 0x40000000-0xfdffffff window]
[    0.665455] pci_bus 0000:00: root bus resource [bus 00-ff]
[    0.670366] pci 0000:00:01.1: legacy IDE quirk: reg 0x10: [io  0x01f0-0x01f7]
[    0.672468] pci 0000:00:01.1: legacy IDE quirk: reg 0x14: [io  0x03f6]
[    0.674073] pci 0000:00:01.1: legacy IDE quirk: reg 0x18: [io  0x0170-0x0177]
[    0.676173] pci 0000:00:01.1: legacy IDE quirk: reg 0x1c: [io  0x0376]
[    0.706959] pci 0000:00:07.0: quirk: [io  0x4000-0x403f] claimed by PIIX4 ACPI
[    0.709500] pci 0000:00:07.0: quirk: [io  0x4100-0x410f] claimed by PIIX4 SMB
[    0.722025] ACPI: PCI Interrupt Link [LNKA] (IRQs 5 9 10 *11)
[    0.724371] ACPI: PCI Interrupt Link [LNKB] (IRQs 5 9 *10 11)
[    0.726104] ACPI: PCI Interrupt Link [LNKC] (IRQs 5 *9 10 11)
[    0.728582] ACPI: PCI Interrupt Link [LNKD] (IRQs 5 9 10 *11)
[    0.730460] ACPI: Enabled 2 GPEs in block 00 to 07
[    0.732718] vgaarb: setting as boot device: PCI:0000:00:02.0
[    0.734116] vgaarb: device added: PCI:0000:00:02.0,decodes=io+mem,owns=io+mem,locks=none
[    0.736256] vgaarb: loaded
[    0.737014] vgaarb: bridge control possible 0000:00:02.0
[    0.739659] SCSI subsystem initialized
[    0.740911] ACPI: bus type USB registered
[    0.742480] usbcore: registered new interface driver usbfs
[    0.745301] usbcore: registered new interface driver hub
[    0.746710] usbcore: registered new device driver usb
[    0.749658] PCI: Using ACPI for IRQ routing
[    0.751958] NetLabel: Initializing
[    0.753104] NetLabel:  domain hash size = 128
[    0.754380] NetLabel:  protocols = UNLABELED CIPSOv4
[    0.756050] NetLabel:  unlabeled traffic allowed by default
[    0.758402] amd_nb: Cannot enumerate AMD northbridges
[    0.759720] clocksource: Switched to clocksource kvm-clock
[    0.771385] AppArmor: AppArmor Filesystem Enabled
[    0.774419] pnp: PnP ACPI init
[    0.776713] pnp: PnP ACPI: found 3 devices
[    0.786655] clocksource: acpi_pm: mask: 0xffffff max_cycles: 0xffffff, max_idle_ns: 2085701024 ns
[    0.790173] NET: Registered protocol family 2
[    0.792373] TCP established hash table entries: 8192 (order: 4, 65536 bytes)
[    0.794250] TCP bind hash table entries: 8192 (order: 5, 131072 bytes)
[    0.796019] TCP: Hash tables configured (established 8192 bind 8192)
[    0.798097] UDP hash table entries: 512 (order: 2, 16384 bytes)
[    0.799536] UDP-Lite hash table entries: 512 (order: 2, 16384 bytes)
[    0.801086] NET: Registered protocol family 1
[    0.803101] pci 0000:00:00.0: Limiting direct PCI/PCI transfers
[    0.804823] pci 0000:00:01.0: Activating ISA DMA hang workarounds
[    0.806659] Unpacking initramfs...
[    1.075848] Freeing initrd memory: 14888K
[    1.077485] clocksource: tsc: mask: 0xffffffffffffffff max_cycles: 0x100d47dceae, max_idle_ns: 440795244181 ns
[    1.081391] platform rtc_cmos: registered platform RTC device (no PNP device found)
[    1.083524] Scanning for low memory corruption every 60 seconds
[    1.085364] audit: initializing netlink subsys (disabled)
[    1.087085] audit: type=2000 audit(1666105384.939:1): initialized
[    1.089138] Initialise system trusted keyring
[    1.090412] HugeTLB registered 2 MB page size, pre-allocated 0 pages
[    1.093638] zbud: loaded
[    1.095083] VFS: Disk quotas dquot_6.6.0
[    1.096936] VFS: Dquot-cache hash table entries: 512 (order 0, 4096 bytes)
[    1.099571] squashfs: version 4.0 (2009/01/31) Phillip Lougher
[    1.101468] fuse init (API version 7.23)
[    1.102757] Key type big_key registered
[    1.104306] Allocating IMA MOK and blacklist keyrings.
[    1.106377] Key type asymmetric registered
[    1.107465] Asymmetric key parser 'x509' registered
[    1.108904] Block layer SCSI generic (bsg) driver version 0.4 loaded (major 249)
[    1.111638] io scheduler noop registered
[    1.113044] io scheduler deadline registered (default)
[    1.114374] io scheduler cfq registered
[    1.115882] pci_hotplug: PCI Hot Plug PCI Core version: 0.5
[    1.117326] pciehp: PCI Express Hot Plug Controller Driver version: 0.4
[    1.119520] ACPI: AC Adapter [AC] (on-line)
[    1.120790] input: Power Button as /devices/LNXSYSTM:00/LNXPWRBN:00/input/input0
[    1.123273] ACPI: Power Button [PWRF]
[    1.124513] input: Sleep Button as /devices/LNXSYSTM:00/LNXSLPBN:00/input/input1
[    1.126431] ACPI: Sleep Button [SLPF]
[    1.128628] GHES: HEST is not enabled!
[    1.130210] Serial: 8250/16550 driver, 32 ports, IRQ sharing enabled
[    1.130597] ACPI: Battery Slot [BAT0] (battery present)
[    1.154492] 00:02: ttyS0 at I/O 0x3f8 (irq = 4, base_baud = 115200) is a 16550A
[    1.157768] Linux agpgart interface v0.103
[    1.160267] loop: module loaded
[    1.161869] scsi host0: ata_piix
[    1.163253] scsi host1: ata_piix
[    1.164219] ata1: PATA max UDMA/33 cmd 0x1f0 ctl 0x3f6 bmdma 0xd000 irq 14
[    1.165894] ata2: PATA max UDMA/33 cmd 0x170 ctl 0x376 bmdma 0xd008 irq 15
[    1.167585] libphy: Fixed MDIO Bus: probed
[    1.170067] tun: Universal TUN/TAP device driver, 1.6
[    1.171258] tun: (C) 1999-2004 Max Krasnyansky <maxk@qualcomm.com>
[    1.173040] PPP generic driver version 2.4.2
[    1.174469] ehci_hcd: USB 2.0 'Enhanced' Host Controller (EHCI) Driver
[    1.176099] ehci-pci: EHCI PCI platform driver
[    1.177211] ehci-platform: EHCI generic platform driver
[    1.178551] ohci_hcd: USB 1.1 'Open' Host Controller (OHCI) Driver
[    1.180433] ohci-pci: OHCI PCI platform driver
[    1.181610] ohci-platform: OHCI generic platform driver
[    1.183133] uhci_hcd: USB Universal Host Controller Interface driver
[    1.184733] i8042: PNP: PS/2 Controller [PNP0303:PS2K,PNP0f03:PS2M] at 0x60,0x64 irq 1,12
[    1.187865] serio: i8042 KBD port at 0x60,0x64 irq 1
[    1.189058] serio: i8042 AUX port at 0x60,0x64 irq 12
[    1.190410] mousedev: PS/2 mouse device common for all mice
[    1.193245] input: AT Translated Set 2 keyboard as /devices/platform/i8042/serio0/input/input2
[    1.195370] rtc_cmos rtc_cmos: rtc core: registered rtc_cmos as rtc0
[    1.197708] rtc_cmos rtc_cmos: alarms up to one day, 114 bytes nvram
[    1.200755] i2c /dev entries driver
[    1.201967] device-mapper: uevent: version 1.0.3
[    1.203600] device-mapper: ioctl: 4.34.0-ioctl (2015-10-28) initialised: dm-devel@redhat.com
[    1.205853] ledtrig-cpu: registered to indicate activity on CPUs
[    1.207823] NET: Registered protocol family 10
[    1.209906] NET: Registered protocol family 17
[    1.211309] Key type dns_resolver registered
[    1.212890] registered taskstats version 1
[    1.214036] Loading compiled-in X.509 certificates
[    1.216331] Loaded X.509 cert 'Build time autogenerated kernel key: cf00e047681d67edb2720680708b7d9498083038'
[    1.218904] zswap: loaded using pool lzo/zbud
[    1.222702] Key type trusted registered
[    1.227181] Key type encrypted registered
[    1.228371] AppArmor: AppArmor sha1 policy hashing enabled
[    1.229739] ima: No TPM chip found, activating TPM-bypass!
[    1.231136] ima: Allocated hash algorithm: sha1
[    1.233006] evm: HMAC attrs: 0x1
[    1.234428]   Magic number: 10:928:32
[    1.235537] rtc_cmos rtc_cmos: setting system clock to 2022-10-18 15:02:59 UTC (1666105379)
[    1.238409] BIOS EDD facility v0.16 2004-Jun-25, 0 devices found
[    1.239878] EDD information not available.
[    1.630006] Freeing unused kernel memory: 1492K
[    1.631724] Write protecting the kernel read-only data: 14336k
[    1.635180] Freeing unused kernel memory: 1584K
[    1.637634] Freeing unused kernel memory: 52K
Loading, please wait...
starting version 229
[    1.663968] random: systemd-udevd: uninitialized urandom read (16 bytes read, 3 bits of entropy available)
[    1.664866] random: udevadm: uninitialized urandom read (16 bytes read, 3 bits of entropy available)
[    1.664890] random: udevadm: uninitialized urandom read (16 bytes read, 3 bits of entropy available)
[    1.676140] random: systemd-udevd: uninitialized urandom read (16 bytes read, 3 bits of entropy available)
[    1.679784] random: systemd-udevd: uninitialized urandom read (16 bytes read, 3 bits of entropy available)
[    1.680048] random: udevadm: uninitialized urandom read (16 bytes read, 3 bits of entropy available)
[    1.680701] random: udevadm: uninitialized urandom read (16 bytes read, 3 bits of entropy available)
[    1.680865] random: udevadm: uninitialized urandom read (16 bytes read, 3 bits of entropy available)
[    1.680991] random: udevadm: uninitialized urandom read (16 bytes read, 3 bits of entropy available)
[    1.681111] random: udevadm: uninitialized urandom read (16 bytes read, 3 bits of entropy available)
[    1.739018] e1000: Intel(R) PRO/1000 Network Driver - version 7.3.21-k8-NAPI
[    1.741182] e1000: Copyright (c) 1999-2006 Intel Corporation.
[    1.747143] Fusion MPT base driver 3.04.20
[    1.749396] Copyright (c) 1999-2008 LSI Corporation
[    1.769864] Fusion MPT SPI Host driver 3.04.20
[    1.786644] AVX2 version of gcm_enc/dec engaged.
[    1.788224] AES CTR mode by8 optimization enabled
[    1.961077] input: ImExPS/2 Generic Explorer Mouse as /devices/platform/i8042/serio1/input/input4
[    2.180254] e1000 0000:00:03.0 eth0: (PCI:33MHz:32-bit) 02:be:82:6b:cc:1d
[    2.182352] e1000 0000:00:03.0 eth0: Intel(R) PRO/1000 Network Connection
[    2.597082] e1000 0000:00:08.0 eth1: (PCI:33MHz:32-bit) 08:00:27:7a:82:74
[    2.601981] e1000 0000:00:08.0 eth1: Intel(R) PRO/1000 Network Connection
[    2.605277] mptbase: ioc0: Initiating bringup
[    2.608254] e1000 0000:00:03.0 enp0s3: renamed from eth0
[    2.616657] e1000 0000:00:08.0 enp0s8: renamed from eth1
[    3.068058] ioc0: LSI53C1030 A0: Capabilities={Initiator}
[    4.829432] scsi host2: ioc0: LSI53C1030 A0, FwRev=00000000h, Ports=1, MaxQ=256, IRQ=20
[    5.842213] scsi 2:0:0:0: Direct-Access     VBOX     HARDDISK         1.0  PQ: 0 ANSI: 5
[    5.849716] scsi target2:0:0: Beginning Domain Validation
[    5.852235] scsi target2:0:0: Domain Validation skipping write tests
[    5.854395] scsi target2:0:0: Ending Domain Validation
[    5.855788] scsi target2:0:0: asynchronous
[    5.857092] scsi 2:0:1:0: Direct-Access     VBOX     HARDDISK         1.0  PQ: 0 ANSI: 5
[    5.859511] scsi target2:0:1: Beginning Domain Validation
[    5.872099] scsi target2:0:1: Domain Validation skipping write tests
[    5.873718] scsi target2:0:1: Ending Domain Validation
[    5.875143] scsi target2:0:1: asynchronous
[    5.881271] sd 2:0:0:0: Attached scsi generic sg0 type 0
[    5.883354] sd 2:0:0:0: [sda] 83886080 512-byte logical blocks: (42.9 GB/40.0 GiB)
[    5.885719] sd 2:0:0:0: [sda] Write Protect is off
[    5.886853] sd 2:0:1:0: [sdb] 20480 512-byte logical blocks: (10.5 MB/10.0 MiB)
[    5.889422] sd 2:0:0:0: [sda] Incomplete mode parameter data
[    5.889604] sd 2:0:1:0: [sdb] Write Protect is off
[    5.889681] sd 2:0:1:0: [sdb] Incomplete mode parameter data
[    5.889682] sd 2:0:1:0: [sdb] Assuming drive cache: write through
[    5.895297] sd 2:0:0:0: [sda] Assuming drive cache: write through
[    5.895827] sd 2:0:1:0: Attached scsi generic sg1 type 0
[    5.897596] sd 2:0:1:0: [sdb] Attached SCSI disk
[    5.902729]  sda: sda1
[    5.904417] sd 2:0:0:0: [sda] Attached SCSI disk
Begin: Loading essential drivers ... [    7.304055] md: linear personality registered for level -1
[    7.308230] md: multipath personality registered for level -4
[    7.312217] md: raid0 personality registered for level 0
[    7.317950] md: raid1 personality registered for level 1
[    7.391825] raid6: sse2x1   gen()  9549 MB/s
[    7.459842] raid6: sse2x1   xor()  6733 MB/s
[    7.527861] raid6: sse2x2   gen() 13728 MB/s
[    7.595853] raid6: sse2x2   xor()  8892 MB/s
[    7.663814] raid6: sse2x4   gen() 14361 MB/s
[    7.731840] raid6: sse2x4   xor()  9316 MB/s
[    7.799847] raid6: avx2x1   gen() 18072 MB/s
[    7.867950] raid6: avx2x2   gen() 21303 MB/s
[    7.935824] raid6: avx2x4   gen() 22914 MB/s
[    7.937558] raid6: using algorithm avx2x4 gen() 22914 MB/s
[    7.939675] raid6: using avx2x2 recovery algorithm
[    7.943455] xor: automatically using best checksumming function:
[    7.983822]    avx       : 22438.000 MB/sec
[    7.986531] async_tx: api initialized (async)
[    7.998998] md: raid6 personality registered for level 6
[    8.001251] md: raid5 personality registered for level 5
[    8.002885] md: raid4 personality registered for level 4
[    8.012953] md: raid10 personality registered for level 10
done.
Begin: Running /scripts/init-premount ... done.
Begin: Mounting root file system ... Begin: Running /scripts/local-top ... done.
Begin: Running /scripts/local-premount ... [    8.047114] Btrfs loaded
Scanning for Btrfs filesystems
done.
Warning: fsck not present, so skipping root file system
[    8.084341] EXT4-fs (sda1): mounted filesystem with ordered data mode. Opts: (null)
done.
Begin: Running /scripts/local-bottom ... done.
Begin: Running /scripts/init-bottom ... done.
[    8.218362] systemd[1]: systemd 229 running in system mode. (+PAM +AUDIT +SELINUX +IMA +APPARMOR +SMACK +SYSVINIT +UTMP +LIBCRYPTSETUP +GCRYPT +GNUTLS +ACL +XZ -LZ4 +SECCOMP +BLKID +ELFUTILS +KMOD -IDN)
[    8.222717] systemd[1]: Detected virtualization oracle.
[    8.223888] systemd[1]: Detected architecture x86-64.

Welcome to [1mUbuntu 16.04.7 LTS[0m!

[    8.230118] systemd[1]: Set hostname to <ubuntu-xenial>.
[    8.477339] systemd[1]: Listening on Syslog Socket.
[[0;32m  OK  [0m] Listening on Syslog Socket.
[    8.479883] systemd[1]: Listening on /dev/initctl Compatibility Named Pipe.
[[0;32m  OK  [0m] Listening on /dev/initctl Compatibility Named Pipe.
[    8.483175] systemd[1]: Listening on LVM2 poll daemon socket.
[[0;32m  OK  [0m] Listening on LVM2 poll daemon socket.
[    8.485771] systemd[1]: Started Trigger resolvconf update for networkd DNS.
[[0;32m  OK  [0m] Started Trigger resolvconf update for networkd DNS.
[    8.488942] systemd[1]: Listening on udev Kernel Socket.
[[0;32m  OK  [0m] Listening on udev Kernel Socket.
[    8.491223] systemd[1]: Listening on udev Control Socket.
[[0;32m  OK  [0m] Listening on udev Control Socket.
[    8.494163] systemd[1]: Listening on LVM2 metadata daemon socket.
[[0;32m  OK  [0m] Listening on LVM2 metadata daemon socket.
[    8.496882] systemd[1]: Started Forward Password Requests to Wall Directory Watch.
[[0;32m  OK  [0m] Started Forward Password Requests to Wall Directory Watch.
[    8.500392] systemd[1]: Reached target User and Group Name Lookups.
[[0;32m  OK  [0m] Reached target User and Group Name Lookups.
[    8.503552] systemd[1]: Set up automount Arbitrary Executable File Formats File System Automount Point.
[[0;32m  OK  [0m] Set up automount Arbitrary Executab...ats File System Automount Point.
[    8.507897] systemd[1]: Reached target System Time Synchronized.
[[0;32m  OK  [0m] Reached target System Time Synchronized.
[    8.510622] systemd[1]: Listening on Journal Audit Socket.
[[0;32m  OK  [0m] Listening on Journal Audit Socket.
[    8.514085] systemd[1]: Reached target Encrypted Volumes.
[[0;32m  OK  [0m] Reached target Encrypted Volumes.
[    8.535284] systemd[1]: Reached target Swap.
[[0;32m  OK  [0m] Reached target Swap.
[    8.538080] systemd[1]: Created slice System Slice.
[[0;32m  OK  [0m] Created slice System Slice.
[    8.541415] systemd[1]: Created slice User and Session Slice.
[[0;32m  OK  [0m] Created slice User and Session Slice.
[    8.544487] systemd[1]: Reached target Slices.
[[0;32m  OK  [0m] Reached target Slices.
[    8.547688] systemd[1]: Listening on Device-mapper event daemon FIFOs.
[[0;32m  OK  [0m] Listening on Device-mapper event daemon FIFOs.
[    8.550946] systemd[1]: Listening on fsck to fsckd communication Socket.
[[0;32m  OK  [0m] Listening on fsck to fsckd communication Socket.
[    8.556934] systemd[1]: Listening on Journal Socket.
[[0;32m  OK  [0m] Listening on Journal Socket.
[    8.572522] systemd[1]: Starting Nameserver information manager...
         Starting Nameserver information manager...
[    8.578380] systemd[1]: Starting File System Check on Root Device...
         Starting File System Check on Root Device...
[    8.588244] systemd[1]: Starting Uncomplicated firewall...
         Starting Uncomplicated firewall...
[    8.595132] systemd[1]: Mounting Huge Pages File System...
         Mounting Huge Pages File System...
[    8.599184] systemd[1]: Mounting Debug File System...
         Mounting Debug File System...
[    8.606846] systemd[1]: Starting Load Kernel Modules...
[    8.624017] Loading iSCSI transport class v2.0-870.
         Starting Load Kernel Modules...
[    8.630315] systemd[1]: Starting Monitoring of LVM2 mirrors, snapshots etc. using dmeventd or progress polling...
         Starting Monitoring of LVM2 mirrors... dmeventd or progress polling...
[    8.641584] systemd[1]: Starting Create list of required static device nodes for the current kernel...
         Starting Create list of required st... nodes for the current kernel...
[    8.653556] systemd[1]: Starting Set console keymap...
         Starting Set console keymap...
[    8.665194] systemd[1]: Mounting POSIX Message Queue File System...
         Mounting POSIX Message Queue File System...
[    8.670969] systemd[1]: Listening on Journal Socket (/dev/log).
[[0;32m  OK  [0m] Listening on Journal Socket (/dev/log).
[    8.677566] systemd[1]: Starting Journal Service...
[    8.679046] iscsi: registered transport (tcp)
         Starting Journal Service...
[    8.688580] systemd[1]: Created slice system-serial\x2dgetty.slice.
[[0;32m  OK  [0m] Created slice system-serial\x2dgetty.slice.
[    8.699796] systemd[1]: Mounted Huge Pages File System.
[[0;32m  OK  [0m] Mounted Huge Pages File System.
[    8.703989] systemd[1]: Mounted POSIX Message Queue File System.
[[0;32m  OK  [0m] Mounted POSIX Message Queue File System.
[    8.712274] systemd[1]: Mounted Debug File System.
[[0;32m  OK  [0m] Mounted Debug File System.
[    8.752882] systemd[1]: Started File System Check on Root Device.
[[0;32m  OK  [0m] Started File System Check on Root Device.
[    8.764688] iscsi: registered transport (iser)
[    8.769257] systemd[1]: Started Uncomplicated firewall.
[[0;32m  OK  [0m] Started Uncomplicated firewall.
[    8.773813] systemd[1]: Started Create list of required static device nodes for the current kernel.
[[0;32m  OK  [0m] Started Create list of required sta...ce nodes for the current kernel.
[    8.789333] systemd[1]: Started Load Kernel Modules.
[[0;32m  OK  [0m] Started Load Kernel Modules.
[    8.802344] systemd[1]: Started Set console keymap.
[[0;32m  OK  [0m] Started Set console keymap.
[    8.820873] systemd[1]: Started Nameserver information manager.
[[0;32m  OK  [0m] Started Nameserver information manager.
[    8.837684] systemd[1]: Started Journal Service.
[[0;32m  OK  [0m] Started Journal Service.
[[0;32m  OK  [0m] Started File System Check Daemon to report status.
[[0;32m  OK  [0m] Started LVM2 metadata daemon.
         Starting Apply Kernel Variables...
         Mounting FUSE Control File System...
         Starting Create Static Device Nodes in /dev...
         Starting Remount Root and Kernel File Systems...
[[0;32m  OK  [0m] Started Apply Kernel Variables.
[[0;32m  OK  [0m] Started Remount Root and Kernel File Systems.
         Starting Flush Journal to Persistent Storage...
         Starting Load/Save Random Seed...
         Starting udev Coldplug all Devices...
[[0;32m  OK  [0m] Mounted FUSE Control File System.
[[0;32m  OK  [0m] Started Flush Journal to Persistent Storage.
[[0;32m  OK  [0m] Started Load/Save Random Seed.
[[0;32m  OK  [0m] Started Create Static Device Nodes in /dev.
         Starting udev Kernel Device Manager...
[[0;32m  OK  [0m] Started udev Coldplug all Devices.
[[0;32m  OK  [0m] Started udev Kernel Device Manager.
[[0;32m  OK  [0m] Started Dispatch Password Requests to Console Directory Watch.
[[0;32m  OK  [0m] Found device /dev/ttyS0.
[[0;32m  OK  [0m] Listening on Load/Save RF Kill Switch Status /dev/rfkill Watch.
[[0;32m  OK  [0m] Started Monitoring of LVM2 mirrors,...ng dmeventd or progress polling.
[[0;32m  OK  [0m] Reached target Local File Systems (Pre).
[[0;32m  OK  [0m] Reached target Local File Systems.
         Starting Initial cloud-init job (pre-networking)...
         Starting LSB: AppArmor initialization...
         Starting Tell Plymouth To Write Out Runtime Data...
         Starting Create Volatile Files and Directories...
         Starting Set console font and keymap...
[[0;32m  OK  [0m] Started Tell Plymouth To Write Out Runtime Data.
[[0;32m  OK  [0m] Started Create Volatile Files and Directories.
         Starting Update UTMP about System Boot/Shutdown...
[[0;32m  OK  [0m] Started Update UTMP about System Boot/Shutdown.
[[0;32m  OK  [0m] Started LSB: AppArmor initialization.
[[0;32m  OK  [0m] Found device 82540EM Gigabit Ethern...r (PRO/1000 MT Desktop Adapter).
[[0;32m  OK  [0m] Found device 82540EM Gigabit Ethern...r (PRO/1000 MT Desktop Adapter).
         Starting Load AppArmor profiles managed internally by snapd...
[[0;32m  OK  [0m] Started Load AppArmor profiles managed internally by snapd.
[   10.695560] cloud-init[549]: Cloud-init v. 21.1-19-gbad84ad4-0ubuntu1~16.04.2 running 'init-local' at Tue, 18 Oct 2022 15:03:08 +0000. Up 10.20 seconds.
[[0;32m  OK  [0m] Started Set console font and keymap.
[[0;32m  OK  [0m] Created slice system-getty.slice.
[[0;32m  OK  [0m] Started Initial cloud-init job (pre-networking).
[[0;32m  OK  [0m] Reached target Network (Pre).
[[0;32m  OK  [0m] Started ifup for enp0s3.
[[0;32m  OK  [0m] Started ifup for enp0s8.
         Starting Raise network interfaces...
[[0;32m  OK  [0m] Started Raise network interfaces.
         Starting Initial cloud-init job (metadata service crawler)...
[[0;32m  OK  [0m] Reached target Network.
[   12.926901] cloud-init[1081]: Cloud-init v. 21.1-19-gbad84ad4-0ubuntu1~16.04.2 running 'init' at Tue, 18 Oct 2022 15:03:10 +0000. Up 12.04 seconds.
[   12.942060] cloud-init[1081]: ci-info: ++++++++++++++++++++++++++++++++++++++Net device info+++++++++++++++++++++++++++++++++++++++
[   12.960166] cloud-init[1081]: ci-info: +--------+------+-----------------------------+---------------+--------+-------------------+
[   12.976404] cloud-init[1081]: ci-info: | Device |  Up  |           Address           |      Mask     | Scope  |     Hw-Address    |
[   12.991072] cloud-init[1081]: ci-info: +--------+------+-----------------------------+---------------+--------+-------------------+
[   13.052505] cloud-init[1081]: ci-info: | enp0s3 | True |          10.0.2.15          | 255.255.255.0 | global | 02:be:82:6b:cc:1d |
[   13.065800] cloud-init[1081]: ci-info: | enp0s3 | True |  fe80::be:82ff:fe6b:cc1d/64 |       .       |  link  | 02:be:82:6b:cc:1d |
[   13.088382] cloud-init[1081]: ci-info: | enp0s8 | True |        192.168.56.10        | 255.255.255.0 | global | 08:00:27:7a:82:74 |
[   13.138177] cloud-init[1081]: ci-info: | enp0s8 | True | fe80::a00:27ff:fe7a:8274/64 |       .       |  link  | 08:00:27:7a:82:74 |
[   13.144558] cloud-init[1081]: ci-info: |   lo   | True |          127.0.0.1          |   255.0.0.0   |  host  |         .         |
[   13.155151] cloud-init[1081]: ci-info: |   lo   | True |           ::1/128           |       .       |  host  |         .         |
[   13.164260] cloud-init[1081]: ci-info: +--------+------+-----------------------------+---------------+--------+-------------------+[[0;32m  OK  [0m] Started Initial cloud-init job (metadata service crawler).

[   13.180800] cloud-init[1081]: ci-info: ++++++++++++++++++++++++++++Route IPv4 info++++++++++++++++++++++++++++
[   13.181443] cloud-init[1081]: ci-info: +-------+--------------+----------+---------------+-----------+-------+
[[0;32m  OK  [0m] Reached target Cloud-config availability.
[[0;32m  OK  [0m] Reached target Network is Online.
[   13.181630] cloud-init[1081]: ci-info: | Route | Destination  | Gateway  |    Genmask    | Interface | Flags |
[   13.212249] cloud-init[1081]: ci-info: +-------+--------------+----------+---------------+-----------+-------+
[   13.220819] cloud-init[1081]: ci-info: |   0   |   0.0.0.0    | 10.0.2.2 |    0.0.0.0    |   enp0s3  |   UG  |
[   13.231305]          Starting iSCSI initiator daemon (iscsid)...
[[0;32m  OK  [0m] Reached target System Initialization.
         Starting LXD - unix socket.
[[0;32m  OK  [0m] Listening on UUID daemon activation socket.
[[0;32m  OK  [0m] Listening on D-Bus System Message Bus Socket.
[[0;32m  OK  [0m] Listening on ACPID Listen Socket.
[[0;32m  OK  [0m] Started Ubuntu Advantage update messaging.
cloud-init[1081]: ci-info: |   1   |   10.0.2.0   | 0.0.0.0  | 255.255.255.0 |   enp0s3  |   U   |
[   13.254785] cloud-init[1081]: ci-info: |   2   | 192.168.56.0 | 0.0.0.0  | 255.255.255.0 |   enp0s8  |   U   |
[   13.265068] cloud-init[1081]: ci-info: +-------+--------------+----------+---------------+-----------+-------+
[   13.268597] cloud-init[1081]: ci-info: +++++++++++++++++++Route IPv6 info+++++++++++++++++++
[[0;32m  OK  [0m] Started ACPI Events Check.
[[0;32m  OK  [0m] Reached target Paths.
[[0;32m  OK  [0m] Started Daily Cleanup of Temporary Directories.
[[0;32m  OK  [0m] Started Daily apt download activities.
[[0;32m  OK  [0m] Started Daily apt upgrade and clean activities.
         Starting Socket activation for snappy daemon.
[[0;32m  OK  [0m] Started Message of the Day.
[[0;32m  OK  [0m] Reached target Timers.
[   13.271997] cloud-init[1081]: ci-info: +-------+-------------+---------+-----------+-------+
[   13.297089] [[0;32m  OK  [0m] Listening on LXD - unix socket.
cloud-init[1081]: ci-info: | Route | Destination | Gateway | Interface | Flags |
[   13.308740] [cloud-init[0;32m  OK  [0m[1081]: ] ci-info: +-------+-------------+---------+-----------+-------+Listening on Socket activation for snappy daemon.

[   13.309540] [[0;32m  OK  [0m] Started iSCSI initiator daemon (iscsid).
cloud-init[1081]: ci-info: |   0   |  fe80::/64  |    ::   |   enp0s8  |   U   |
[   13.317296] cloud-init[1081]: ci-info: |   1   |  fe80::/64  |    ::   |   enp0s3  |   U   |
[   13.321467] cloud-init[1081]: ci-info: |   5   |   ff00::/8  |    ::   |   enp0s8  |   U   |
         Starting Login to default iSCSI targets...
[[0;32m  OK  [0m] Reached target Sockets.
[[0;32m  OK  [0m] Reached target Basic System.
[   13.339034] cloud-init[1081]: ci-info: |   6   |   ff00::/8  |    ::   |   enp0s3  |   U   |
[   13.343726] cloud-init[1081]: ci-info: +-------+-------------+---------+-----------+-------+
[[0;32m  OK  [0m] Started FUSE filesystem for LXC.
         Starting System Logging Service...
[[0;32m  OK  [0m] Started D-Bus System Message Bus.
         Starting Virtualbox guest utils...
[[0;32m  OK  [0m] Started Deferred execution scheduler.
         Starting Login Service...
         Starting /etc/rc.local Compatibility...
[[0;32m  OK  [0m] Started Regular background program processing daemon.
         Starting LSB: Record successful boot for GRUB...
         Starting Accounts Service...
         Starting LSB: MD monitoring daemon...
         Starting OpenBSD Secure Shell server...
         Starting Snap Daemon...
[[0;32m  OK  [0m] Started ACPI event daemon.
         Starting LXD - container startup/shutdown...
[[0;32m  OK  [0m] Started System Logging Service.
[[0;32m  OK  [0m] Started /etc/rc.local Compatibility.
[[0;32m  OK  [0m] Started Login Service.
[[0;32m  OK  [0m] Started Unattended Upgrades Shutdown.
[[0;32m  OK  [0m] Started Login to default iSCSI targets.
[[0;32m  OK  [0m] Reached target Remote File Systems (Pre).
         Mounting /vagrant...
[[0;1;31mFAILED[0m] Failed to mount /vagrant.
See 'systemctl status vagrant.mount' for details.
[[0;1;33mDEPEND[0m] Dependency failed for Remote File Systems.
[[0;32m  OK  [0m] Started LSB: Record successful boot for GRUB.
[[0;32m  OK  [0m] Started LSB: MD monitoring daemon.
[[0;32m  OK  [0m] Started OpenBSD Secure Shell server.
         Starting LSB: automatic crash report generation...
         Starting Permit User Sessions...
         Starting LSB: Set the CPU Frequency Scaling governor to "ondemand"...
         Starting LSB: daemon to balance interrupts for SMP systems...
         Starting Authenticate and Authorize Users to Run Privileged Tasks...
[[0;32m  OK  [0m] Started Permit User Sessions.
         Starting Terminate Plymouth Boot Screen...
         Starting Hold until boot process finishes up...
[[0;32m  OK  [0m] Started Terminate Plymouth Boot Screen.
[[0;32m  OK  [0m] Started Hold until boot process finishes up.
[[0;32m  OK  [0m] Started Serial Getty on ttyS0.
         Starting Set console scheme...
[[0;32m  OK  [0m] Started Getty on tty1.
[[0;32m  OK  [0m] Reached target Login Prompts.
[[0;32m  OK  [0m] Started LXD - container startup/shutdown.
[[0;32m  OK  [0m] Started LSB: Set the CPU Frequency Scaling governor to "ondemand".
[[0;32m  OK  [0m] Started Set console scheme.
[[0;32m  OK  [0m] Started LSB: automatic crash report generation.
[[0;32m  OK  [0m] Started Authenticate and Authorize Users to Run Privileged Tasks.
[[0;32m  OK  [0m] Started Accounts Service.
[[0;32m  OK  [0m] Started LSB: daemon to balance interrupts for SMP systems.
[[0;32m  OK  [0m] Started Virtualbox guest utils.
[[0;32m  OK  [0m] Created slice User Slice of vagrant.
         Starting User Manager for UID 1000...
[[0;32m  OK  [0m] Started Session 1 of user vagrant.
[[0;32m  OK  [0m] Started User Manager for UID 1000.
[[0;32m  OK  [0m] Started Snap Daemon.
         Starting Wait until snapd is fully seeded...
[[0;32m  OK  [0m] Started Wait until snapd is fully seeded.
         Starting Apply the settings specified in cloud-config...
[[0;32m  OK  [0m] Reached target Multi-User System.
[[0;32m  OK  [0m] Reached target Graphical Interface.
         Starting Update UTMP about System Runlevel Changes...
[[0;32m  OK  [0m] Started Update UTMP about System Runlevel Changes.
[   15.151048] cloud-init[1384]: Cloud-init v. 21.1-19-gbad84ad4-0ubuntu1~16.04.2 running 'modules:config' at Tue, 18 Oct 2022 15:03:13 +0000. Up 15.04 seconds.
[[0;32m  OK  [0m] Started Apply the settings specified in cloud-config.
         Starting Execute cloud user/final scripts...
[   16.044173] cloud-init[1428]: Cloud-init v. 21.1-19-gbad84ad4-0ubuntu1~16.04.2 running 'modules:final' at Tue, 18 Oct 2022 15:03:14 +0000. Up 15.72 seconds.
[   16.049478] cloud-init[1428]: Cloud-init v. 21.1-19-gbad84ad4-0ubuntu1~16.04.2 finished at Tue, 18 Oct 2022 15:03:14 +0000. Datasource DataSourceNoCloud [seed=/dev/sdb][dsmode=net].  Up 16.03 seconds
[[0;32m  OK  [0m] Started Execute cloud user/final scripts.
[[0;32m  OK  [0m] Reached target Cloud-init target.

Ubuntu 16.04.7 LTS ubuntu-xenial ttyS0

ubuntu-xenial login: 